Archive member included to satisfy reference by file (symbol)

/home/test/H618-Android12-Src/longan/brandy/brandy-2.0/tools/toolchain/gcc-linaro-7.2.1-2017.11-x86_64_arm-linux-gnueabi/bin/../lib/gcc/arm-linux-gnueabi/7.2.1/libgcc.a(_udivsi3.o)
                              /home/test/H618-Android12-Src/longan/brandy/brandy-2.0/spl-pub/board/h618/libsun50iw9p1_fes.a (__aeabi_uidiv)
/home/test/H618-Android12-Src/longan/brandy/brandy-2.0/tools/toolchain/gcc-linaro-7.2.1-2017.11-x86_64_arm-linux-gnueabi/bin/../lib/gcc/arm-linux-gnueabi/7.2.1/libgcc.a(_divsi3.o)
                              /home/test/H618-Android12-Src/longan/brandy/brandy-2.0/spl-pub/board/h618/libsun50iw9p1_fes.a (__aeabi_idiv)
/home/test/H618-Android12-Src/longan/brandy/brandy-2.0/tools/toolchain/gcc-linaro-7.2.1-2017.11-x86_64_arm-linux-gnueabi/bin/../lib/gcc/arm-linux-gnueabi/7.2.1/libgcc.a(_dvmd_lnx.o)
                              /home/test/H618-Android12-Src/longan/brandy/brandy-2.0/tools/toolchain/gcc-linaro-7.2.1-2017.11-x86_64_arm-linux-gnueabi/bin/../lib/gcc/arm-linux-gnueabi/7.2.1/libgcc.a(_udivsi3.o) (__aeabi_idiv0)

Discarded input sections

 .text.timer_get_us
                0x0000000000000000       0x14 /home/test/H618-Android12-Src/longan/brandy/brandy-2.0/spl-pub/board/h618/libsun50iw9p1_fes.a
 .text.__msdelay
                0x0000000000000000        0x4 /home/test/H618-Android12-Src/longan/brandy/brandy-2.0/spl-pub/board/h618/libsun50iw9p1_fes.a
 .text.timer_init
                0x0000000000000000        0x4 /home/test/H618-Android12-Src/longan/brandy/brandy-2.0/spl-pub/board/h618/libsun50iw9p1_fes.a
 .text.sdelay   0x0000000000000000        0x6 /home/test/H618-Android12-Src/longan/brandy/brandy-2.0/spl-pub/board/h618/libsun50iw9p1_fes.a
 .text.timer_exit
                0x0000000000000000        0x2 /home/test/H618-Android12-Src/longan/brandy/brandy-2.0/spl-pub/board/h618/libsun50iw9p1_fes.a
 .text.enable_smp
                0x0000000000000000        0xe /home/test/H618-Android12-Src/longan/brandy/brandy-2.0/spl-pub/board/h618/libsun50iw9p1_fes.a
 .text.mmu_enable
                0x0000000000000000       0x8c /home/test/H618-Android12-Src/longan/brandy/brandy-2.0/spl-pub/board/h618/libsun50iw9p1_fes.a
 .text.mmu_disable
                0x0000000000000000       0x30 /home/test/H618-Android12-Src/longan/brandy/brandy-2.0/spl-pub/board/h618/libsun50iw9p1_fes.a
 .text.invalidate_dcache_range
                0x0000000000000000        0x2 /home/test/H618-Android12-Src/longan/brandy/brandy-2.0/spl-pub/board/h618/libsun50iw9p1_fes.a
 .text.flush_dcache_range
                0x0000000000000000        0x2 /home/test/H618-Android12-Src/longan/brandy/brandy-2.0/spl-pub/board/h618/libsun50iw9p1_fes.a
 .text.__jump_kernel
                0x0000000000000000       0x5c /home/test/H618-Android12-Src/longan/brandy/brandy-2.0/spl-pub/board/h618/libsun50iw9p1_fes.a
 .text.boot0_jmp
                0x0000000000000000        0xc /home/test/H618-Android12-Src/longan/brandy/brandy-2.0/spl-pub/board/h618/libsun50iw9p1_fes.a
 .text.boot0_jmp_optee
                0x0000000000000000        0xc /home/test/H618-Android12-Src/longan/brandy/brandy-2.0/spl-pub/board/h618/libsun50iw9p1_fes.a
 .text.boot0_jmp_opensbi
                0x0000000000000000        0x4 /home/test/H618-Android12-Src/longan/brandy/brandy-2.0/spl-pub/board/h618/libsun50iw9p1_fes.a
 .text.boot0_jump_kernel
                0x0000000000000000        0xa /home/test/H618-Android12-Src/longan/brandy/brandy-2.0/spl-pub/board/h618/libsun50iw9p1_fes.a
 .text.optee_jump_kernel
                0x0000000000000000        0x4 /home/test/H618-Android12-Src/longan/brandy/brandy-2.0/spl-pub/board/h618/libsun50iw9p1_fes.a
 .text.sunxi_board_late_init
                0x0000000000000000       0x70 /home/test/H618-Android12-Src/longan/brandy/brandy-2.0/spl-pub/board/h618/libsun50iw9p1_fes.a
 .text.sunxi_assert_arisc
                0x0000000000000000       0x2c /home/test/H618-Android12-Src/longan/brandy/brandy-2.0/spl-pub/board/h618/libsun50iw9p1_fes.a
 .text.sunxi_deassert_arisc
                0x0000000000000000       0x2c /home/test/H618-Android12-Src/longan/brandy/brandy-2.0/spl-pub/board/h618/libsun50iw9p1_fes.a
 .text.sunxi_board_exit
                0x0000000000000000        0x4 /home/test/H618-Android12-Src/longan/brandy/brandy-2.0/spl-pub/board/h618/libsun50iw9p1_fes.a
 .text.sunxi_board_clock_reset
                0x0000000000000000       0x28 /home/test/H618-Android12-Src/longan/brandy/brandy-2.0/spl-pub/board/h618/libsun50iw9p1_fes.a
 .text.sunxi_clock_exit_key
                0x0000000000000000       0x14 /home/test/H618-Android12-Src/longan/brandy/brandy-2.0/spl-pub/board/h618/libsun50iw9p1_fes.a
 .text.strcpy   0x0000000000000000       0x10 /home/test/H618-Android12-Src/longan/brandy/brandy-2.0/spl-pub/board/h618/libsun50iw9p1_fes.a
 .text.strncpy  0x0000000000000000       0x18 /home/test/H618-Android12-Src/longan/brandy/brandy-2.0/spl-pub/board/h618/libsun50iw9p1_fes.a
 .text.strcat   0x0000000000000000       0x1e /home/test/H618-Android12-Src/longan/brandy/brandy-2.0/spl-pub/board/h618/libsun50iw9p1_fes.a
 .text.strncat  0x0000000000000000       0x28 /home/test/H618-Android12-Src/longan/brandy/brandy-2.0/spl-pub/board/h618/libsun50iw9p1_fes.a
 .text.strcmp   0x0000000000000000       0x16 /home/test/H618-Android12-Src/longan/brandy/brandy-2.0/spl-pub/board/h618/libsun50iw9p1_fes.a
 .text.strchr   0x0000000000000000       0x18 /home/test/H618-Android12-Src/longan/brandy/brandy-2.0/spl-pub/board/h618/libsun50iw9p1_fes.a
 .text.strrchr  0x0000000000000000       0x20 /home/test/H618-Android12-Src/longan/brandy/brandy-2.0/spl-pub/board/h618/libsun50iw9p1_fes.a
 .text.strnlen  0x0000000000000000       0x18 /home/test/H618-Android12-Src/longan/brandy/brandy-2.0/spl-pub/board/h618/libsun50iw9p1_fes.a
 .text.strspn   0x0000000000000000       0x20 /home/test/H618-Android12-Src/longan/brandy/brandy-2.0/spl-pub/board/h618/libsun50iw9p1_fes.a
 .text.memcmp   0x0000000000000000       0x1e /home/test/H618-Android12-Src/longan/brandy/brandy-2.0/spl-pub/board/h618/libsun50iw9p1_fes.a
 .text.memscan  0x0000000000000000       0x16 /home/test/H618-Android12-Src/longan/brandy/brandy-2.0/spl-pub/board/h618/libsun50iw9p1_fes.a
 .text.strstr   0x0000000000000000       0x40 /home/test/H618-Android12-Src/longan/brandy/brandy-2.0/spl-pub/board/h618/libsun50iw9p1_fes.a
 .text.memchr   0x0000000000000000       0x1c /home/test/H618-Android12-Src/longan/brandy/brandy-2.0/spl-pub/board/h618/libsun50iw9p1_fes.a
 .text.vprintf  0x0000000000000000       0x1c /home/test/H618-Android12-Src/longan/brandy/brandy-2.0/spl-pub/board/h618/libsun50iw9p1_fes.a
 .text.sunxi_set_printf_debug_mode
                0x0000000000000000       0x28 /home/test/H618-Android12-Src/longan/brandy/brandy-2.0/spl-pub/board/h618/libsun50iw9p1_fes.a
 .text.sunxi_get_debug_mode_for_uboot
                0x0000000000000000       0x18 /home/test/H618-Android12-Src/longan/brandy/brandy-2.0/spl-pub/board/h618/libsun50iw9p1_fes.a
 .text.puts     0x0000000000000000        0xc /home/test/H618-Android12-Src/longan/brandy/brandy-2.0/spl-pub/board/h618/libsun50iw9p1_fes.a
 .text.snprintf
                0x0000000000000000       0x2c /home/test/H618-Android12-Src/longan/brandy/brandy-2.0/spl-pub/board/h618/libsun50iw9p1_fes.a
 .text.print_sys_tick
                0x0000000000000000       0x18 /home/test/H618-Android12-Src/longan/brandy/brandy-2.0/spl-pub/board/h618/libsun50iw9p1_fes.a
 .text.verify_addsum
                0x0000000000000000       0x60 /home/test/H618-Android12-Src/longan/brandy/brandy-2.0/spl-pub/board/h618/libsun50iw9p1_fes.a
 .text.verify_addsum_for_kernel
                0x0000000000000000       0x60 /home/test/H618-Android12-Src/longan/brandy/brandy-2.0/spl-pub/board/h618/libsun50iw9p1_fes.a
 .text.g_mod    0x0000000000000000       0x22 /home/test/H618-Android12-Src/longan/brandy/brandy-2.0/spl-pub/board/h618/libsun50iw9p1_fes.a
 .text.get_page_buf
                0x0000000000000000        0x8 /home/test/H618-Android12-Src/longan/brandy/brandy-2.0/spl-pub/board/h618/libsun50iw9p1_fes.a
 .text.get_uart_input
                0x0000000000000000       0x24 /home/test/H618-Android12-Src/longan/brandy/brandy-2.0/spl-pub/board/h618/libsun50iw9p1_fes.a
 .text.set_uboot_func_mask
                0x0000000000000000       0x10 /home/test/H618-Android12-Src/longan/brandy/brandy-2.0/spl-pub/board/h618/libsun50iw9p1_fes.a
 .text.get_uboot_func_mask
                0x0000000000000000        0xc /home/test/H618-Android12-Src/longan/brandy/brandy-2.0/spl-pub/board/h618/libsun50iw9p1_fes.a
 .text.sunxi_board_init_early
                0x0000000000000000        0x4 /home/test/H618-Android12-Src/longan/brandy/brandy-2.0/spl-pub/board/h618/libsun50iw9p1_fes.a
 .text.__aeabi_unwind_cpp_pr0
                0x0000000000000000        0x2 /home/test/H618-Android12-Src/longan/brandy/brandy-2.0/spl-pub/board/h618/libsun50iw9p1_fes.a
 .text.malloc_init
                0x0000000000000000       0x1c /home/test/H618-Android12-Src/longan/brandy/brandy-2.0/spl-pub/board/h618/libsun50iw9p1_fes.a
 .text.malloc   0x0000000000000000       0x4c /home/test/H618-Android12-Src/longan/brandy/brandy-2.0/spl-pub/board/h618/libsun50iw9p1_fes.a
 .text.realloc  0x0000000000000000       0x6c /home/test/H618-Android12-Src/longan/brandy/brandy-2.0/spl-pub/board/h618/libsun50iw9p1_fes.a
 .text.free     0x0000000000000000       0x20 /home/test/H618-Android12-Src/longan/brandy/brandy-2.0/spl-pub/board/h618/libsun50iw9p1_fes.a
 .text.sunxi_get_lw32_addr
                0x0000000000000000        0x2 /home/test/H618-Android12-Src/longan/brandy/brandy-2.0/spl-pub/board/h618/libsun50iw9p1_fes.a
 .text.u8_to_string_hex
                0x0000000000000000       0x1c /home/test/H618-Android12-Src/longan/brandy/brandy-2.0/spl-pub/board/h618/libsun50iw9p1_fes.a
 .text.ndump    0x0000000000000000       0x6c /home/test/H618-Android12-Src/longan/brandy/brandy-2.0/spl-pub/board/h618/libsun50iw9p1_fes.a
 .text.__assert_fail
                0x0000000000000000       0x10 /home/test/H618-Android12-Src/longan/brandy/brandy-2.0/spl-pub/board/h618/libsun50iw9p1_fes.a
 .text.android_image_get_ramdisk
                0x0000000000000000       0x24 /home/test/H618-Android12-Src/longan/brandy/brandy-2.0/spl-pub/board/h618/libsun50iw9p1_fes.a
 .text.sunxi_mem_info
                0x0000000000000000       0x2c /home/test/H618-Android12-Src/longan/brandy/brandy-2.0/spl-pub/board/h618/libsun50iw9p1_fes.a
 .text.load_bimage
                0x0000000000000000      0x11c /home/test/H618-Android12-Src/longan/brandy/brandy-2.0/spl-pub/board/h618/libsun50iw9p1_fes.a
 .text.load_uimage
                0x0000000000000000       0x40 /home/test/H618-Android12-Src/longan/brandy/brandy-2.0/spl-pub/board/h618/libsun50iw9p1_fes.a
 .text.sunxi_serial_getc
                0x0000000000000000       0x14 /home/test/H618-Android12-Src/longan/brandy/brandy-2.0/spl-pub/board/h618/libsun50iw9p1_fes.a
 .text.sunxi_serial_tstc
                0x0000000000000000       0x10 /home/test/H618-Android12-Src/longan/brandy/brandy-2.0/spl-pub/board/h618/libsun50iw9p1_fes.a
 .text.sunxi_gpio_set_cfgbank
                0x0000000000000000       0x22 /home/test/H618-Android12-Src/longan/brandy/brandy-2.0/spl-pub/board/h618/libsun50iw9p1_fes.a
 .text.sunxi_gpio_set_cfgpin
                0x0000000000000000       0x2c /home/test/H618-Android12-Src/longan/brandy/brandy-2.0/spl-pub/board/h618/libsun50iw9p1_fes.a
 .text.sunxi_gpio_get_cfgbank
                0x0000000000000000       0x16 /home/test/H618-Android12-Src/longan/brandy/brandy-2.0/spl-pub/board/h618/libsun50iw9p1_fes.a
 .text.sunxi_gpio_get_cfgpin
                0x0000000000000000       0x20 /home/test/H618-Android12-Src/longan/brandy/brandy-2.0/spl-pub/board/h618/libsun50iw9p1_fes.a
 .text.sunxi_gpio_set_drv
                0x0000000000000000       0x50 /home/test/H618-Android12-Src/longan/brandy/brandy-2.0/spl-pub/board/h618/libsun50iw9p1_fes.a
 .text.sunxi_gpio_set_pull
                0x0000000000000000       0x50 /home/test/H618-Android12-Src/longan/brandy/brandy-2.0/spl-pub/board/h618/libsun50iw9p1_fes.a
 .text.rtc_set_fel_flag
                0x0000000000000000       0x20 /home/test/H618-Android12-Src/longan/brandy/brandy-2.0/spl-pub/board/h618/libsun50iw9p1_fes.a
 .text.rtc_set_hash_entry
                0x0000000000000000       0x1c /home/test/H618-Android12-Src/longan/brandy/brandy-2.0/spl-pub/board/h618/libsun50iw9p1_fes.a
 .text.axp_i2c_write
                0x0000000000000000       0x16 /home/test/H618-Android12-Src/longan/brandy/brandy-2.0/spl-pub/board/h618/libsun50iw9p1_fes.a
 .text.axp_i2c_read
                0x0000000000000000       0x12 /home/test/H618-Android12-Src/longan/brandy/brandy-2.0/spl-pub/board/h618/libsun50iw9p1_fes.a
 .text.i2c_exit
                0x0000000000000000       0xa0 /home/test/H618-Android12-Src/longan/brandy/brandy-2.0/spl-pub/board/h618/libsun50iw9p1_fes.a
 .text.pmic_bus_setbits
                0x0000000000000000       0x28 /home/test/H618-Android12-Src/longan/brandy/brandy-2.0/spl-pub/board/h618/libsun50iw9p1_fes.a
 .text.pmic_bus_clrbits
                0x0000000000000000       0x2a /home/test/H618-Android12-Src/longan/brandy/brandy-2.0/spl-pub/board/h618/libsun50iw9p1_fes.a
 .text.sunxi_read_gpadc_key
                0x0000000000000000       0x20 /home/test/H618-Android12-Src/longan/brandy/brandy-2.0/spl-pub/board/h618/libsun50iw9p1_fes.a
 .text.get_boot_dram_update_flag
                0x0000000000000000        0x6 /home/test/H618-Android12-Src/longan/brandy/brandy-2.0/spl-pub/board/h618/libsun50iw9p1_fes.a
 .text.dst_mctl_random_write
                0x0000000000000000        0xc /home/test/H618-Android12-Src/longan/brandy/brandy-2.0/spl-pub/board/h618/libsun50iw9p1_fes.a
 .text.dst_mem_compare
                0x0000000000000000       0x1e /home/test/H618-Android12-Src/longan/brandy/brandy-2.0/spl-pub/board/h618/libsun50iw9p1_fes.a
 .text.dram_udelay
                0x0000000000000000        0x4 /home/test/H618-Android12-Src/longan/brandy/brandy-2.0/spl-pub/board/h618/libsun50iw9p1_fes.a
 .text.dwc_ddrphy_phyinit_E_setDfiClk
                0x0000000000000000       0x28 /home/test/H618-Android12-Src/longan/brandy/brandy-2.0/spl-pub/board/h618/libsun50iw9p1_fes.a
 .text.__dram_power_save_process
                0x0000000000000000      0x148 /home/test/H618-Android12-Src/longan/brandy/brandy-2.0/spl-pub/board/h618/libsun50iw9p1_fes.a
 .text.dram_power_save_process
                0x0000000000000000        0xa /home/test/H618-Android12-Src/longan/brandy/brandy-2.0/spl-pub/board/h618/libsun50iw9p1_fes.a
 .text.__dram_power_up_process
                0x0000000000000000        0x8 /home/test/H618-Android12-Src/longan/brandy/brandy-2.0/spl-pub/board/h618/libsun50iw9p1_fes.a
 .text.dram_power_up_process
                0x0000000000000000        0xa /home/test/H618-Android12-Src/longan/brandy/brandy-2.0/spl-pub/board/h618/libsun50iw9p1_fes.a
 .text.get_power_source
                0x0000000000000000       0x18 /home/test/H618-Android12-Src/longan/brandy/brandy-2.0/spl-pub/board/h618/libsun50iw9p1_fes.a
 .text.set_power_reset
                0x0000000000000000        0x6 /home/test/H618-Android12-Src/longan/brandy/brandy-2.0/spl-pub/board/h618/libsun50iw9p1_fes.a
 .text.probe_power_key
                0x0000000000000000       0x28 /home/test/H618-Android12-Src/longan/brandy/brandy-2.0/spl-pub/board/h618/libsun50iw9p1_fes.a
 .text.set_ddr4_2v5_voltage
                0x0000000000000000       0x18 /home/test/H618-Android12-Src/longan/brandy/brandy-2.0/spl-pub/board/h618/libsun50iw9p1_fes.a
 .text.set_sys_voltage_ext
                0x0000000000000000       0x24 /home/test/H618-Android12-Src/longan/brandy/brandy-2.0/spl-pub/board/h618/libsun50iw9p1_fes.a
 .text.set_efuse_voltage
                0x0000000000000000       0x18 /home/test/H618-Android12-Src/longan/brandy/brandy-2.0/spl-pub/board/h618/libsun50iw9p1_fes.a
 .text.axp_reg_read
                0x0000000000000000       0x28 /home/test/H618-Android12-Src/longan/brandy/brandy-2.0/spl-pub/board/h618/libsun50iw9p1_fes.a
 .text.axp_reg_write
                0x0000000000000000       0x28 /home/test/H618-Android12-Src/longan/brandy/brandy-2.0/spl-pub/board/h618/libsun50iw9p1_fes.a
 .text.get_pmu_exist
                0x0000000000000000        0xc /home/test/H618-Android12-Src/longan/brandy/brandy-2.0/spl-pub/board/h618/libsun50iw9p1_fes.a
 .text.axp858_probe_power_key
                0x0000000000000000       0x40 /home/test/H618-Android12-Src/longan/brandy/brandy-2.0/spl-pub/board/h618/libsun50iw9p1_fes.a
 .text.axp858_set_ddr4_2v5_voltage
                0x0000000000000000       0x10 /home/test/H618-Android12-Src/longan/brandy/brandy-2.0/spl-pub/board/h618/libsun50iw9p1_fes.a
 .text.axp858_set_sys_voltage_ext
                0x0000000000000000        0x4 /home/test/H618-Android12-Src/longan/brandy/brandy-2.0/spl-pub/board/h618/libsun50iw9p1_fes.a
 .text.axp858_reg_read
                0x0000000000000000        0xa /home/test/H618-Android12-Src/longan/brandy/brandy-2.0/spl-pub/board/h618/libsun50iw9p1_fes.a
 .text.axp858_reg_write
                0x0000000000000000        0xa /home/test/H618-Android12-Src/longan/brandy/brandy-2.0/spl-pub/board/h618/libsun50iw9p1_fes.a
 .text.axp1530_probe_power_key
                0x0000000000000000       0x40 /home/test/H618-Android12-Src/longan/brandy/brandy-2.0/spl-pub/board/h618/libsun50iw9p1_fes.a
 .text.axp1530_set_efuse_voltage
                0x0000000000000000       0x10 /home/test/H618-Android12-Src/longan/brandy/brandy-2.0/spl-pub/board/h618/libsun50iw9p1_fes.a
 .text.axp1530_reg_read
                0x0000000000000000        0xa /home/test/H618-Android12-Src/longan/brandy/brandy-2.0/spl-pub/board/h618/libsun50iw9p1_fes.a
 .text.axp1530_reg_write
                0x0000000000000000        0xa /home/test/H618-Android12-Src/longan/brandy/brandy-2.0/spl-pub/board/h618/libsun50iw9p1_fes.a
 .text.axp806_probe_power_key
                0x0000000000000000       0x40 /home/test/H618-Android12-Src/longan/brandy/brandy-2.0/spl-pub/board/h618/libsun50iw9p1_fes.a
 .text.axp806_get_power_source
                0x0000000000000000       0x38 /home/test/H618-Android12-Src/longan/brandy/brandy-2.0/spl-pub/board/h618/libsun50iw9p1_fes.a
 .text.axp806_set_sys_voltage_ext
                0x0000000000000000        0x4 /home/test/H618-Android12-Src/longan/brandy/brandy-2.0/spl-pub/board/h618/libsun50iw9p1_fes.a
 .text.axp806_reg_read
                0x0000000000000000        0xa /home/test/H618-Android12-Src/longan/brandy/brandy-2.0/spl-pub/board/h618/libsun50iw9p1_fes.a
 .text.axp806_reg_write
                0x0000000000000000        0xa /home/test/H618-Android12-Src/longan/brandy/brandy-2.0/spl-pub/board/h618/libsun50iw9p1_fes.a
 .text.sid_read_work_status
                0x0000000000000000        0x2 /home/test/H618-Android12-Src/longan/brandy/brandy-2.0/spl-pub/board/h618/libsun50iw9p1_fes.a
 .text.sid_sram_read
                0x0000000000000000        0xc /home/test/H618-Android12-Src/longan/brandy/brandy-2.0/spl-pub/board/h618/libsun50iw9p1_fes.a
 .text.sid_read_key
                0x0000000000000000       0x4c /home/test/H618-Android12-Src/longan/brandy/brandy-2.0/spl-pub/board/h618/libsun50iw9p1_fes.a
 .text.sid_program_key
                0x0000000000000000       0x64 /home/test/H618-Android12-Src/longan/brandy/brandy-2.0/spl-pub/board/h618/libsun50iw9p1_fes.a
 .text.sid_read_rotpk
                0x0000000000000000       0x18 /home/test/H618-Android12-Src/longan/brandy/brandy-2.0/spl-pub/board/h618/libsun50iw9p1_fes.a
 .text.sid_set_security_mode
                0x0000000000000000       0x2c /home/test/H618-Android12-Src/longan/brandy/brandy-2.0/spl-pub/board/h618/libsun50iw9p1_fes.a
 .text.sid_disable_jtag
                0x0000000000000000       0x10 /home/test/H618-Android12-Src/longan/brandy/brandy-2.0/spl-pub/board/h618/libsun50iw9p1_fes.a
 .text.sunxi_disable_sd_boot
                0x0000000000000000       0x3c /home/test/H618-Android12-Src/longan/brandy/brandy-2.0/spl-pub/board/h618/libsun50iw9p1_fes.a
 .text          0x0000000000000000        0x0 /home/test/H618-Android12-Src/longan/brandy/brandy-2.0/spl-pub/fes/main/fes1_main.o
 .data          0x0000000000000000        0x0 /home/test/H618-Android12-Src/longan/brandy/brandy-2.0/spl-pub/fes/main/fes1_main.o
 .bss           0x0000000000000000        0x0 /home/test/H618-Android12-Src/longan/brandy/brandy-2.0/spl-pub/fes/main/fes1_main.o
 .data          0x0000000000000000        0x0 /home/test/H618-Android12-Src/longan/brandy/brandy-2.0/tools/toolchain/gcc-linaro-7.2.1-2017.11-x86_64_arm-linux-gnueabi/bin/../lib/gcc/arm-linux-gnueabi/7.2.1/libgcc.a(_udivsi3.o)
 .bss           0x0000000000000000        0x0 /home/test/H618-Android12-Src/longan/brandy/brandy-2.0/tools/toolchain/gcc-linaro-7.2.1-2017.11-x86_64_arm-linux-gnueabi/bin/../lib/gcc/arm-linux-gnueabi/7.2.1/libgcc.a(_udivsi3.o)
 .data          0x0000000000000000        0x0 /home/test/H618-Android12-Src/longan/brandy/brandy-2.0/tools/toolchain/gcc-linaro-7.2.1-2017.11-x86_64_arm-linux-gnueabi/bin/../lib/gcc/arm-linux-gnueabi/7.2.1/libgcc.a(_divsi3.o)
 .bss           0x0000000000000000        0x0 /home/test/H618-Android12-Src/longan/brandy/brandy-2.0/tools/toolchain/gcc-linaro-7.2.1-2017.11-x86_64_arm-linux-gnueabi/bin/../lib/gcc/arm-linux-gnueabi/7.2.1/libgcc.a(_divsi3.o)
 .data          0x0000000000000000        0x0 /home/test/H618-Android12-Src/longan/brandy/brandy-2.0/tools/toolchain/gcc-linaro-7.2.1-2017.11-x86_64_arm-linux-gnueabi/bin/../lib/gcc/arm-linux-gnueabi/7.2.1/libgcc.a(_dvmd_lnx.o)
 .bss           0x0000000000000000        0x0 /home/test/H618-Android12-Src/longan/brandy/brandy-2.0/tools/toolchain/gcc-linaro-7.2.1-2017.11-x86_64_arm-linux-gnueabi/bin/../lib/gcc/arm-linux-gnueabi/7.2.1/libgcc.a(_dvmd_lnx.o)
 .text          0x0000000000000000        0x0 main/fes1_head.o
 .data          0x0000000000000000        0x0 main/fes1_head.o
 .bss           0x0000000000000000        0x0 main/fes1_head.o
 .data          0x0000000000000000        0x0 /home/test/H618-Android12-Src/longan/brandy/brandy-2.0/spl-pub/arch/arm/cpu/armv7/fes1_entry.o
 .bss           0x0000000000000000        0x0 /home/test/H618-Android12-Src/longan/brandy/brandy-2.0/spl-pub/arch/arm/cpu/armv7/fes1_entry.o

Memory Configuration

Name             Origin             Length             Attributes
*default*        0x0000000000000000 0xffffffffffffffff

Linker script and memory map

LOAD /home/test/H618-Android12-Src/longan/brandy/brandy-2.0/spl-pub/board/h618/libsun50iw9p1_fes.a
LOAD /home/test/H618-Android12-Src/longan/brandy/brandy-2.0/spl-pub/fes/main/fes1_main.o
LOAD /home/test/H618-Android12-Src/longan/brandy/brandy-2.0/tools/toolchain/gcc-linaro-7.2.1-2017.11-x86_64_arm-linux-gnueabi/bin/../lib/gcc/arm-linux-gnueabi/7.2.1/libgcc.a
                0x0000000000028000                . = 0x28000
                0x0000000000028000                . = ALIGN (0x4)

.head           0x0000000000028000      0xb00
 main/fes1_head.o(.rodata)
 .rodata        0x0000000000028000      0xb00 main/fes1_head.o
                0x0000000000028000                fes1_head

.text           0x0000000000028b00      0xd24
 /home/test/H618-Android12-Src/longan/brandy/brandy-2.0/spl-pub/arch/arm/cpu/armv7/fes1_entry.o(.text)
 .text          0x0000000000028b00       0x4c /home/test/H618-Android12-Src/longan/brandy/brandy-2.0/spl-pub/arch/arm/cpu/armv7/fes1_entry.o
                0x0000000000028b00                _start
 *(.text)
 .text          0x0000000000028b4c      0x7a0 /home/test/H618-Android12-Src/longan/brandy/brandy-2.0/spl-pub/board/h618/libsun50iw9p1_fes.a
                0x0000000000028b4c                __v7_flush_dcache_all
                0x0000000000028be8                v7_flush_dcache_all
                0x0000000000028c14                memset0
                0x0000000000028ccc                memcpy0
                0x000000000002907c                switch_2_secure0
                0x0000000000029084                switch_2_nonsecure0
                0x000000000002908c                dst_mctl_random_write0
                0x0000000000029120                dst_neon_init0
                0x0000000000029140                dst_mctl_neon_cmp0
                0x0000000000029198                dst_mctl_neon_write0
                0x0000000000029218                dst_mctl_neon_write_2data0
                0x0000000000029294                dst_mctl_neon_copy0
 *fill*         0x00000000000292ec        0x4 
 .text          0x00000000000292f0      0x278 /home/test/H618-Android12-Src/longan/brandy/brandy-2.0/tools/toolchain/gcc-linaro-7.2.1-2017.11-x86_64_arm-linux-gnueabi/bin/../lib/gcc/arm-linux-gnueabi/7.2.1/libgcc.a(_udivsi3.o)
                0x00000000000292f0                __udivsi3
                0x00000000000292f0                __aeabi_uidiv
                0x000000000002954c                __aeabi_uidivmod
 .text          0x0000000000029568      0x2b0 /home/test/H618-Android12-Src/longan/brandy/brandy-2.0/tools/toolchain/gcc-linaro-7.2.1-2017.11-x86_64_arm-linux-gnueabi/bin/../lib/gcc/arm-linux-gnueabi/7.2.1/libgcc.a(_divsi3.o)
                0x0000000000029568                __aeabi_idiv
                0x0000000000029568                __divsi3
                0x00000000000297fc                __aeabi_idivmod
 .text          0x0000000000029818        0xc /home/test/H618-Android12-Src/longan/brandy/brandy-2.0/tools/toolchain/gcc-linaro-7.2.1-2017.11-x86_64_arm-linux-gnueabi/bin/../lib/gcc/arm-linux-gnueabi/7.2.1/libgcc.a(_dvmd_lnx.o)
                0x0000000000029818                __aeabi_ldiv0
                0x0000000000029818                __aeabi_idiv0

.glue_7         0x0000000000029824        0x0
 .glue_7        0x0000000000029824        0x0 linker stubs

.glue_7t        0x0000000000029824        0x0
 .glue_7t       0x0000000000029824        0x0 linker stubs

.vfp11_veneer   0x0000000000029824        0x0
 .vfp11_veneer  0x0000000000029824        0x0 linker stubs

.v4_bx          0x0000000000029824        0x0
 .v4_bx         0x0000000000029824        0x0 linker stubs

.text.get_sys_ticks
                0x0000000000029824       0x14
 .text.get_sys_ticks
                0x0000000000029824       0x14 /home/test/H618-Android12-Src/longan/brandy/brandy-2.0/spl-pub/board/h618/libsun50iw9p1_fes.a
                0x0000000000029824                get_sys_ticks

.text.udelay    0x0000000000029838       0x24
 .text.udelay   0x0000000000029838       0x24 /home/test/H618-Android12-Src/longan/brandy/brandy-2.0/spl-pub/board/h618/libsun50iw9p1_fes.a
                0x0000000000029838                udelay

.text.mdelay    0x000000000002985c        0xa
 .text.mdelay   0x000000000002985c        0xa /home/test/H618-Android12-Src/longan/brandy/brandy-2.0/spl-pub/board/h618/libsun50iw9p1_fes.a
                0x000000000002985c                mdelay

.text.__usdelay
                0x0000000000029866        0x4
 .text.__usdelay
                0x0000000000029866        0x4 /home/test/H618-Android12-Src/longan/brandy/brandy-2.0/spl-pub/board/h618/libsun50iw9p1_fes.a
                0x0000000000029866                __usdelay

.text.data_sync_barrier
                0x000000000002986a        0xa
 .text.data_sync_barrier
                0x000000000002986a        0xa /home/test/H618-Android12-Src/longan/brandy/brandy-2.0/spl-pub/board/h618/libsun50iw9p1_fes.a
                0x000000000002986a                data_sync_barrier

.text.neon_enable
                0x0000000000029874       0x2c
 .text.neon_enable
                0x0000000000029874       0x2c /home/test/H618-Android12-Src/longan/brandy/brandy-2.0/spl-pub/board/h618/libsun50iw9p1_fes.a
                0x0000000000029874                neon_enable

.text.boot0_jmp_monitor
                0x00000000000298a0       0x58
 .text.boot0_jmp_monitor
                0x00000000000298a0       0x58 /home/test/H618-Android12-Src/longan/brandy/brandy-2.0/spl-pub/board/h618/libsun50iw9p1_fes.a
                0x00000000000298a0                boot0_jmp_monitor

.text.set_cpu_down
                0x00000000000298f8       0x44
 .text.set_cpu_down
                0x00000000000298f8       0x44 /home/test/H618-Android12-Src/longan/brandy/brandy-2.0/spl-pub/board/h618/libsun50iw9p1_fes.a

.text.sunxi_board_init
                0x000000000002993c       0xe0
 .text.sunxi_board_init
                0x000000000002993c       0xe0 /home/test/H618-Android12-Src/longan/brandy/brandy-2.0/spl-pub/board/h618/libsun50iw9p1_fes.a
                0x000000000002993c                sunxi_board_init

.text.sunxi_board_pll_init
                0x0000000000029a1c      0x26c
 .text.sunxi_board_pll_init
                0x0000000000029a1c      0x26c /home/test/H618-Android12-Src/longan/brandy/brandy-2.0/spl-pub/board/h618/libsun50iw9p1_fes.a
                0x0000000000029a1c                sunxi_board_pll_init

.text.sunxi_clock_init_key
                0x0000000000029c88       0x28
 .text.sunxi_clock_init_key
                0x0000000000029c88       0x28 /home/test/H618-Android12-Src/longan/brandy/brandy-2.0/spl-pub/board/h618/libsun50iw9p1_fes.a
                0x0000000000029c88                sunxi_clock_init_key

.text.sunxi_clock_init_gpadc
                0x0000000000029cb0        0x4
 .text.sunxi_clock_init_gpadc
                0x0000000000029cb0        0x4 /home/test/H618-Android12-Src/longan/brandy/brandy-2.0/spl-pub/board/h618/libsun50iw9p1_fes.a
                0x0000000000029cb0                sunxi_clock_init_gpadc

.text.sunxi_clock_init_uart
                0x0000000000029cb4       0x30
 .text.sunxi_clock_init_uart
                0x0000000000029cb4       0x30 /home/test/H618-Android12-Src/longan/brandy/brandy-2.0/spl-pub/board/h618/libsun50iw9p1_fes.a
                0x0000000000029cb4                sunxi_clock_init_uart

.text.strncmp   0x0000000000029ce4       0x22
 .text.strncmp  0x0000000000029ce4       0x22 /home/test/H618-Android12-Src/longan/brandy/brandy-2.0/spl-pub/board/h618/libsun50iw9p1_fes.a
                0x0000000000029ce4                strncmp

.text.strlen    0x0000000000029d06       0x10
 .text.strlen   0x0000000000029d06       0x10 /home/test/H618-Android12-Src/longan/brandy/brandy-2.0/spl-pub/board/h618/libsun50iw9p1_fes.a
                0x0000000000029d06                strlen

.text.memset    0x0000000000029d18        0xc
 .text.memset   0x0000000000029d18        0xc /home/test/H618-Android12-Src/longan/brandy/brandy-2.0/spl-pub/board/h618/libsun50iw9p1_fes.a
                0x0000000000029d18                memset

.text.memcpy    0x0000000000029d24        0xc
 .text.memcpy   0x0000000000029d24        0xc /home/test/H618-Android12-Src/longan/brandy/brandy-2.0/spl-pub/board/h618/libsun50iw9p1_fes.a
                0x0000000000029d24                memcpy

.text.putc_outstr
                0x0000000000029d30        0xa
 .text.putc_outstr
                0x0000000000029d30        0xa /home/test/H618-Android12-Src/longan/brandy/brandy-2.0/spl-pub/board/h618/libsun50iw9p1_fes.a

.text.putc_normal
                0x0000000000029d3a        0x6
 .text.putc_normal
                0x0000000000029d3a        0x6 /home/test/H618-Android12-Src/longan/brandy/brandy-2.0/spl-pub/board/h618/libsun50iw9p1_fes.a

.text.div_out   0x0000000000029d40       0x32
 .text.div_out  0x0000000000029d40       0x32 /home/test/H618-Android12-Src/longan/brandy/brandy-2.0/spl-pub/board/h618/libsun50iw9p1_fes.a

.text._vprintf  0x0000000000029d74      0x1e4
 .text._vprintf
                0x0000000000029d74      0x1e4 /home/test/H618-Android12-Src/longan/brandy/brandy-2.0/spl-pub/board/h618/libsun50iw9p1_fes.a

.text.sunxi_get_printf_debug_mode
                0x0000000000029f58        0xc
 .text.sunxi_get_printf_debug_mode
                0x0000000000029f58        0xc /home/test/H618-Android12-Src/longan/brandy/brandy-2.0/spl-pub/board/h618/libsun50iw9p1_fes.a
                0x0000000000029f58                sunxi_get_printf_debug_mode

.text.sprintf   0x0000000000029f64       0x2c
 .text.sprintf  0x0000000000029f64       0x2c /home/test/H618-Android12-Src/longan/brandy/brandy-2.0/spl-pub/board/h618/libsun50iw9p1_fes.a
                0x0000000000029f64                sprintf

.text.printf    0x0000000000029f90       0x48
 .text.printf   0x0000000000029f90       0x48 /home/test/H618-Android12-Src/longan/brandy/brandy-2.0/spl-pub/board/h618/libsun50iw9p1_fes.a
                0x0000000000029f90                printf

.text.raise     0x0000000000029fd8        0x4
 .text.raise    0x0000000000029fd8        0x4 /home/test/H618-Android12-Src/longan/brandy/brandy-2.0/spl-pub/board/h618/libsun50iw9p1_fes.a
                0x0000000000029fd8                raise

.text.sunxi_get_iobase
                0x0000000000029fdc        0x2
 .text.sunxi_get_iobase
                0x0000000000029fdc        0x2 /home/test/H618-Android12-Src/longan/brandy/brandy-2.0/spl-pub/board/h618/libsun50iw9p1_fes.a
                0x0000000000029fdc                sunxi_get_iobase

.text.sunxi_serial_init
                0x0000000000029fe0       0x54
 .text.sunxi_serial_init
                0x0000000000029fe0       0x54 /home/test/H618-Android12-Src/longan/brandy/brandy-2.0/spl-pub/board/h618/libsun50iw9p1_fes.a
                0x0000000000029fe0                sunxi_serial_init

.text.sunxi_serial_putc
                0x000000000002a034       0x14
 .text.sunxi_serial_putc
                0x000000000002a034       0x14 /home/test/H618-Android12-Src/longan/brandy/brandy-2.0/spl-pub/board/h618/libsun50iw9p1_fes.a
                0x000000000002a034                sunxi_serial_putc

.text.boot_set_gpio
                0x000000000002a048      0x2e8
 .text.boot_set_gpio
                0x000000000002a048      0x2e8 /home/test/H618-Android12-Src/longan/brandy/brandy-2.0/spl-pub/board/h618/libsun50iw9p1_fes.a
                0x000000000002a048                boot_set_gpio

.text.rtc_write_data
                0x000000000002a330       0x18
 .text.rtc_write_data
                0x000000000002a330       0x18 /home/test/H618-Android12-Src/longan/brandy/brandy-2.0/spl-pub/board/h618/libsun50iw9p1_fes.a
                0x000000000002a330                rtc_write_data

.text.rtc_read_data
                0x000000000002a348       0x14
 .text.rtc_read_data
                0x000000000002a348       0x14 /home/test/H618-Android12-Src/longan/brandy/brandy-2.0/spl-pub/board/h618/libsun50iw9p1_fes.a
                0x000000000002a348                rtc_read_data

.text.rtc_probe_fel_flag
                0x000000000002a35c       0x78
 .text.rtc_probe_fel_flag
                0x000000000002a35c       0x78 /home/test/H618-Android12-Src/longan/brandy/brandy-2.0/spl-pub/board/h618/libsun50iw9p1_fes.a
                0x000000000002a35c                rtc_probe_fel_flag

.text.rtc_clear_fel_flag
                0x000000000002a3d4       0x1a
 .text.rtc_clear_fel_flag
                0x000000000002a3d4       0x1a /home/test/H618-Android12-Src/longan/brandy/brandy-2.0/spl-pub/board/h618/libsun50iw9p1_fes.a
                0x000000000002a3d4                rtc_clear_fel_flag

.text.i2c_sendbyteaddr
                0x000000000002a3f0       0x38
 .text.i2c_sendbyteaddr
                0x000000000002a3f0       0x38 /home/test/H618-Android12-Src/longan/brandy/brandy-2.0/spl-pub/board/h618/libsun50iw9p1_fes.a

.text.i2c_sendstart
                0x000000000002a428       0x40
 .text.i2c_sendstart
                0x000000000002a428       0x40 /home/test/H618-Android12-Src/longan/brandy/brandy-2.0/spl-pub/board/h618/libsun50iw9p1_fes.a

.text.i2c_sendslaveaddr
                0x000000000002a468       0x4c
 .text.i2c_sendslaveaddr
                0x000000000002a468       0x4c /home/test/H618-Android12-Src/longan/brandy/brandy-2.0/spl-pub/board/h618/libsun50iw9p1_fes.a

.text.i2c_stop  0x000000000002a4b4       0x4c
 .text.i2c_stop
                0x000000000002a4b4       0x4c /home/test/H618-Android12-Src/longan/brandy/brandy-2.0/spl-pub/board/h618/libsun50iw9p1_fes.a

.text.i2c_read  0x000000000002a500      0x15c
 .text.i2c_read
                0x000000000002a500      0x15c /home/test/H618-Android12-Src/longan/brandy/brandy-2.0/spl-pub/board/h618/libsun50iw9p1_fes.a
                0x000000000002a500                i2c_read

.text.i2c_write
                0x000000000002a65c       0xb0
 .text.i2c_write
                0x000000000002a65c       0xb0 /home/test/H618-Android12-Src/longan/brandy/brandy-2.0/spl-pub/board/h618/libsun50iw9p1_fes.a
                0x000000000002a65c                i2c_write

.text.i2c_set_clock
                0x000000000002a70c       0xdc
 .text.i2c_set_clock
                0x000000000002a70c       0xdc /home/test/H618-Android12-Src/longan/brandy/brandy-2.0/spl-pub/board/h618/libsun50iw9p1_fes.a
                0x000000000002a70c                i2c_set_clock

.text.get_i2c_gpio
                0x000000000002a7e8       0x20
 .text.get_i2c_gpio
                0x000000000002a7e8       0x20 /home/test/H618-Android12-Src/longan/brandy/brandy-2.0/spl-pub/board/h618/libsun50iw9p1_fes.a
                0x000000000002a7e8                get_i2c_gpio

.text.i2c_init  0x000000000002a808       0x98
 .text.i2c_init
                0x000000000002a808       0x98 /home/test/H618-Android12-Src/longan/brandy/brandy-2.0/spl-pub/board/h618/libsun50iw9p1_fes.a
                0x000000000002a808                i2c_init

.text.i2c_init_cpus
                0x000000000002a8a0       0x38
 .text.i2c_init_cpus
                0x000000000002a8a0       0x38 /home/test/H618-Android12-Src/longan/brandy/brandy-2.0/spl-pub/board/h618/libsun50iw9p1_fes.a
                0x000000000002a8a0                i2c_init_cpus

.text.pmic_bus_init
                0x000000000002a8d8        0xa
 .text.pmic_bus_init
                0x000000000002a8d8        0xa /home/test/H618-Android12-Src/longan/brandy/brandy-2.0/spl-pub/board/h618/libsun50iw9p1_fes.a
                0x000000000002a8d8                pmic_bus_init

.text.pmic_bus_read
                0x000000000002a8e2       0x14
 .text.pmic_bus_read
                0x000000000002a8e2       0x14 /home/test/H618-Android12-Src/longan/brandy/brandy-2.0/spl-pub/board/h618/libsun50iw9p1_fes.a
                0x000000000002a8e2                pmic_bus_read

.text.pmic_bus_write
                0x000000000002a8f6       0x18
 .text.pmic_bus_write
                0x000000000002a8f6       0x18 /home/test/H618-Android12-Src/longan/brandy/brandy-2.0/spl-pub/board/h618/libsun50iw9p1_fes.a
                0x000000000002a8f6                pmic_bus_write

.text.super_standby_mode
                0x000000000002a910       0x10
 .text.super_standby_mode
                0x000000000002a910       0x10 /home/test/H618-Android12-Src/longan/brandy/brandy-2.0/spl-pub/board/h618/libsun50iw9p1_fes.a
                0x000000000002a910                super_standby_mode

.text.handler_super_standby
                0x000000000002a920       0xf2
 .text.handler_super_standby
                0x000000000002a920       0xf2 /home/test/H618-Android12-Src/longan/brandy/brandy-2.0/spl-pub/board/h618/libsun50iw9p1_fes.a
                0x000000000002a920                handler_super_standby

.text.wdt_stop  0x000000000002aa14       0x10
 .text.wdt_stop
                0x000000000002aa14       0x10 /home/test/H618-Android12-Src/longan/brandy/brandy-2.0/spl-pub/board/h618/libsun50iw9p1_fes.a
                0x000000000002aa14                wdt_stop

.text.wdt_start
                0x000000000002aa24       0x2c
 .text.wdt_start
                0x000000000002aa24       0x2c /home/test/H618-Android12-Src/longan/brandy/brandy-2.0/spl-pub/board/h618/libsun50iw9p1_fes.a
                0x000000000002aa24                wdt_start

.text.sunxi_gpadc_init
                0x000000000002aa50       0x40
 .text.sunxi_gpadc_init
                0x000000000002aa50       0x40 /home/test/H618-Android12-Src/longan/brandy/brandy-2.0/spl-pub/board/h618/libsun50iw9p1_fes.a
                0x000000000002aa50                sunxi_gpadc_init

.text.sunxi_read_gpadc
                0x000000000002aa90       0x3c
 .text.sunxi_read_gpadc
                0x000000000002aa90       0x3c /home/test/H618-Android12-Src/longan/brandy/brandy-2.0/spl-pub/board/h618/libsun50iw9p1_fes.a
                0x000000000002aa90                sunxi_read_gpadc

.text.sunxi_read_gpadc_vol
                0x000000000002aacc       0x74
 .text.sunxi_read_gpadc_vol
                0x000000000002aacc       0x74 /home/test/H618-Android12-Src/longan/brandy/brandy-2.0/spl-pub/board/h618/libsun50iw9p1_fes.a
                0x000000000002aacc                sunxi_read_gpadc_vol

.text.get_boot_dram_training_enable_flag
                0x000000000002ab40        0x8
 .text.get_boot_dram_training_enable_flag
                0x000000000002ab40        0x8 /home/test/H618-Android12-Src/longan/brandy/brandy-2.0/spl-pub/board/h618/libsun50iw9p1_fes.a
                0x000000000002ab40                get_boot_dram_training_enable_flag

.text.sunxi_dram_handle
                0x000000000002ab48      0x1b8
 .text.sunxi_dram_handle
                0x000000000002ab48      0x1b8 /home/test/H618-Android12-Src/longan/brandy/brandy-2.0/spl-pub/board/h618/libsun50iw9p1_fes.a
                0x000000000002ab48                sunxi_dram_handle

.text.sunxi_dram_soft_train
                0x000000000002ad00       0x28
 .text.sunxi_dram_soft_train
                0x000000000002ad00       0x28 /home/test/H618-Android12-Src/longan/brandy/brandy-2.0/spl-pub/board/h618/libsun50iw9p1_fes.a
                0x000000000002ad00                sunxi_dram_soft_train

.text.crc_16    0x000000000002ad28       0x22
 .text.crc_16   0x000000000002ad28       0x22 /home/test/H618-Android12-Src/longan/brandy/brandy-2.0/spl-pub/board/h618/libsun50iw9p1_fes.a
                0x000000000002ad28                crc_16

.text.disturb_coding
                0x000000000002ad4a       0x12
 .text.disturb_coding
                0x000000000002ad4a       0x12 /home/test/H618-Android12-Src/longan/brandy/brandy-2.0/spl-pub/board/h618/libsun50iw9p1_fes.a
                0x000000000002ad4a                disturb_coding

.text.id_judge_fun
                0x000000000002ad5c       0x88
 .text.id_judge_fun
                0x000000000002ad5c       0x88 /home/test/H618-Android12-Src/longan/brandy/brandy-2.0/spl-pub/board/h618/libsun50iw9p1_fes.a
                0x000000000002ad5c                id_judge_fun

.text.switch_2_secure
                0x000000000002ade4        0xc
 .text.switch_2_secure
                0x000000000002ade4        0xc /home/test/H618-Android12-Src/longan/brandy/brandy-2.0/spl-pub/board/h618/libsun50iw9p1_fes.a
                0x000000000002ade4                switch_2_secure

.text.switch_2_nonsecure
                0x000000000002adf0        0xc
 .text.switch_2_nonsecure
                0x000000000002adf0        0xc /home/test/H618-Android12-Src/longan/brandy/brandy-2.0/spl-pub/board/h618/libsun50iw9p1_fes.a
                0x000000000002adf0                switch_2_nonsecure

.text.dst_neon_init
                0x000000000002adfc        0xc
 .text.dst_neon_init
                0x000000000002adfc        0xc /home/test/H618-Android12-Src/longan/brandy/brandy-2.0/spl-pub/board/h618/libsun50iw9p1_fes.a
                0x000000000002adfc                dst_neon_init

.text.dst_mctl_neon_cmp
                0x000000000002ae08        0xc
 .text.dst_mctl_neon_cmp
                0x000000000002ae08        0xc /home/test/H618-Android12-Src/longan/brandy/brandy-2.0/spl-pub/board/h618/libsun50iw9p1_fes.a
                0x000000000002ae08                dst_mctl_neon_cmp

.text.dst_mctl_neon_write
                0x000000000002ae14        0xc
 .text.dst_mctl_neon_write
                0x000000000002ae14        0xc /home/test/H618-Android12-Src/longan/brandy/brandy-2.0/spl-pub/board/h618/libsun50iw9p1_fes.a
                0x000000000002ae14                dst_mctl_neon_write

.text.dst_mctl_neon_write_2data
                0x000000000002ae20        0xc
 .text.dst_mctl_neon_write_2data
                0x000000000002ae20        0xc /home/test/H618-Android12-Src/longan/brandy/brandy-2.0/spl-pub/board/h618/libsun50iw9p1_fes.a
                0x000000000002ae20                dst_mctl_neon_write_2data

.text.dst_mctl_neon_copy
                0x000000000002ae2c        0xc
 .text.dst_mctl_neon_copy
                0x000000000002ae2c        0xc /home/test/H618-Android12-Src/longan/brandy/brandy-2.0/spl-pub/board/h618/libsun50iw9p1_fes.a
                0x000000000002ae2c                dst_mctl_neon_copy

.text.dst_mem_cmp
                0x000000000002ae38       0x22
 .text.dst_mem_cmp
                0x000000000002ae38       0x22 /home/test/H618-Android12-Src/longan/brandy/brandy-2.0/spl-pub/board/h618/libsun50iw9p1_fes.a
                0x000000000002ae38                dst_mem_cmp

.text.dramc_memtester_dma_test
                0x000000000002ae5c      0x18c
 .text.dramc_memtester_dma_test
                0x000000000002ae5c      0x18c /home/test/H618-Android12-Src/longan/brandy/brandy-2.0/spl-pub/board/h618/libsun50iw9p1_fes.a
                0x000000000002ae5c                dramc_memtester_dma_test

.text.dst_read_cmp
                0x000000000002afe8       0x50
 .text.dst_read_cmp
                0x000000000002afe8       0x50 /home/test/H618-Android12-Src/longan/brandy/brandy-2.0/spl-pub/board/h618/libsun50iw9p1_fes.a
                0x000000000002afe8                dst_read_cmp

.text.dst_dq_eye_scan
                0x000000000002b038      0xebc
 .text.dst_dq_eye_scan
                0x000000000002b038      0xebc /home/test/H618-Android12-Src/longan/brandy/brandy-2.0/spl-pub/board/h618/libsun50iw9p1_fes.a
                0x000000000002b038                dst_dq_eye_scan

.text.dst_from_none
                0x000000000002bef4       0xf0
 .text.dst_from_none
                0x000000000002bef4       0xf0 /home/test/H618-Android12-Src/longan/brandy/brandy-2.0/spl-pub/board/h618/libsun50iw9p1_fes.a
                0x000000000002bef4                dst_from_none

.text.auto_cal_timing
                0x000000000002bfe4       0x24
 .text.auto_cal_timing
                0x000000000002bfe4       0x24 /home/test/H618-Android12-Src/longan/brandy/brandy-2.0/spl-pub/board/h618/libsun50iw9p1_fes.a
                0x000000000002bfe4                auto_cal_timing

.text.dramc_simple_wr_test
                0x000000000002c008       0x8c
 .text.dramc_simple_wr_test
                0x000000000002c008       0x8c /home/test/H618-Android12-Src/longan/brandy/brandy-2.0/spl-pub/board/h618/libsun50iw9p1_fes.a
                0x000000000002c008                dramc_simple_wr_test

.text.DRAMC_get_dram_size
                0x000000000002c094       0x4c
 .text.DRAMC_get_dram_size
                0x000000000002c094       0x4c /home/test/H618-Android12-Src/longan/brandy/brandy-2.0/spl-pub/board/h618/libsun50iw9p1_fes.a
                0x000000000002c094                DRAMC_get_dram_size

.text.set_master_priority
                0x000000000002c0e0      0x128
 .text.set_master_priority
                0x000000000002c0e0      0x128 /home/test/H618-Android12-Src/longan/brandy/brandy-2.0/spl-pub/board/h618/libsun50iw9p1_fes.a
                0x000000000002c0e0                set_master_priority

.text.Wait_time_config
                0x000000000002c208       0x14
 .text.Wait_time_config
                0x000000000002c208       0x14 /home/test/H618-Android12-Src/longan/brandy/brandy-2.0/spl-pub/board/h618/libsun50iw9p1_fes.a
                0x000000000002c208                Wait_time_config

.text.dram_vol_set
                0x000000000002c21c       0x70
 .text.dram_vol_set
                0x000000000002c21c       0x70 /home/test/H618-Android12-Src/longan/brandy/brandy-2.0/spl-pub/board/h618/libsun50iw9p1_fes.a
                0x000000000002c21c                dram_vol_set

.text.ccm_set_pll_ddr0_sscg
                0x000000000002c28c       0x5c
 .text.ccm_set_pll_ddr0_sscg
                0x000000000002c28c       0x5c /home/test/H618-Android12-Src/longan/brandy/brandy-2.0/spl-pub/board/h618/libsun50iw9p1_fes.a
                0x000000000002c28c                ccm_set_pll_ddr0_sscg

.text._ccm_set_pll_ddr_clk
                0x000000000002c2e8       0x44
 .text._ccm_set_pll_ddr_clk
                0x000000000002c2e8       0x44 /home/test/H618-Android12-Src/longan/brandy/brandy-2.0/spl-pub/board/h618/libsun50iw9p1_fes.a
                0x000000000002c2e8                _ccm_set_pll_ddr_clk

.text.mctl_dfi_init
                0x000000000002c32c      0x2f4
 .text.mctl_dfi_init
                0x000000000002c32c      0x2f4 /home/test/H618-Android12-Src/longan/brandy/brandy-2.0/spl-pub/board/h618/libsun50iw9p1_fes.a
                0x000000000002c32c                mctl_dfi_init

.text.mctl_phy_vref_config
                0x000000000002c620       0x48
 .text.mctl_phy_vref_config
                0x000000000002c620       0x48 /home/test/H618-Android12-Src/longan/brandy/brandy-2.0/spl-pub/board/h618/libsun50iw9p1_fes.a
                0x000000000002c620                mctl_phy_vref_config

.text.mctl_drive_odt_config
                0x000000000002c668      0x180
 .text.mctl_drive_odt_config
                0x000000000002c668      0x180 /home/test/H618-Android12-Src/longan/brandy/brandy-2.0/spl-pub/board/h618/libsun50iw9p1_fes.a
                0x000000000002c668                mctl_drive_odt_config

.text.mctl_phy_ca_bit_delay_compensation
                0x000000000002c7e8      0x188
 .text.mctl_phy_ca_bit_delay_compensation
                0x000000000002c7e8      0x188 /home/test/H618-Android12-Src/longan/brandy/brandy-2.0/spl-pub/board/h618/libsun50iw9p1_fes.a
                0x000000000002c7e8                mctl_phy_ca_bit_delay_compensation

.text.mctl_phy_dx_bit_delay_compensation
                0x000000000002c970      0x3c4
 .text.mctl_phy_dx_bit_delay_compensation
                0x000000000002c970      0x3c4 /home/test/H618-Android12-Src/longan/brandy/brandy-2.0/spl-pub/board/h618/libsun50iw9p1_fes.a
                0x000000000002c970                mctl_phy_dx_bit_delay_compensation

.text.mctl_phy_set_address_remapping
                0x000000000002cd34      0x23c
 .text.mctl_phy_set_address_remapping
                0x000000000002cd34      0x23c /home/test/H618-Android12-Src/longan/brandy/brandy-2.0/spl-pub/board/h618/libsun50iw9p1_fes.a
                0x000000000002cd34                mctl_phy_set_address_remapping

.text.mctl_phy_cold_reset
                0x000000000002cf70       0x2c
 .text.mctl_phy_cold_reset
                0x000000000002cf70       0x2c /home/test/H618-Android12-Src/longan/brandy/brandy-2.0/spl-pub/board/h618/libsun50iw9p1_fes.a
                0x000000000002cf70                mctl_phy_cold_reset

.text.phy_para_config
                0x000000000002cf9c      0x198
 .text.phy_para_config
                0x000000000002cf9c      0x198 /home/test/H618-Android12-Src/longan/brandy/brandy-2.0/spl-pub/board/h618/libsun50iw9p1_fes.a
                0x000000000002cf9c                phy_para_config

.text.phy_write_leveling
                0x000000000002d134      0x118
 .text.phy_write_leveling
                0x000000000002d134      0x118 /home/test/H618-Android12-Src/longan/brandy/brandy-2.0/spl-pub/board/h618/libsun50iw9p1_fes.a
                0x000000000002d134                phy_write_leveling

.text.phy_read_calibration
                0x000000000002d24c      0x144
 .text.phy_read_calibration
                0x000000000002d24c      0x144 /home/test/H618-Android12-Src/longan/brandy/brandy-2.0/spl-pub/board/h618/libsun50iw9p1_fes.a
                0x000000000002d24c                phy_read_calibration

.text.phy_read_training
                0x000000000002d390      0x374
 .text.phy_read_training
                0x000000000002d390      0x374 /home/test/H618-Android12-Src/longan/brandy/brandy-2.0/spl-pub/board/h618/libsun50iw9p1_fes.a
                0x000000000002d390                phy_read_training

.text.phy_write_training
                0x000000000002d704      0x334
 .text.phy_write_training
                0x000000000002d704      0x334 /home/test/H618-Android12-Src/longan/brandy/brandy-2.0/spl-pub/board/h618/libsun50iw9p1_fes.a
                0x000000000002d704                phy_write_training

.text.phy_zq_calibration
                0x000000000002da38      0x190
 .text.phy_zq_calibration
                0x000000000002da38      0x190 /home/test/H618-Android12-Src/longan/brandy/brandy-2.0/spl-pub/board/h618/libsun50iw9p1_fes.a
                0x000000000002da38                phy_zq_calibration

.text.mctl_com_set_controller_refresh
                0x000000000002dbc8       0x14
 .text.mctl_com_set_controller_refresh
                0x000000000002dbc8       0x14 /home/test/H618-Android12-Src/longan/brandy/brandy-2.0/spl-pub/board/h618/libsun50iw9p1_fes.a
                0x000000000002dbc8                mctl_com_set_controller_refresh

.text.mctl_com_set_controller_after_phy
                0x000000000002dbdc       0x4c
 .text.mctl_com_set_controller_after_phy
                0x000000000002dbdc       0x4c /home/test/H618-Android12-Src/longan/brandy/brandy-2.0/spl-pub/board/h618/libsun50iw9p1_fes.a
                0x000000000002dbdc                mctl_com_set_controller_after_phy

.text.mctl_com_set_controller_before_phy
                0x000000000002dc28       0x38
 .text.mctl_com_set_controller_before_phy
                0x000000000002dc28       0x38 /home/test/H618-Android12-Src/longan/brandy/brandy-2.0/spl-pub/board/h618/libsun50iw9p1_fes.a
                0x000000000002dc28                mctl_com_set_controller_before_phy

.text.mctl_com_set_controller_dbi
                0x000000000002dc60       0x18
 .text.mctl_com_set_controller_dbi
                0x000000000002dc60       0x18 /home/test/H618-Android12-Src/longan/brandy/brandy-2.0/spl-pub/board/h618/libsun50iw9p1_fes.a
                0x000000000002dc60                mctl_com_set_controller_dbi

.text.mctl_com_set_controller_update
                0x000000000002dc78       0x40
 .text.mctl_com_set_controller_update
                0x000000000002dc78       0x40 /home/test/H618-Android12-Src/longan/brandy/brandy-2.0/spl-pub/board/h618/libsun50iw9p1_fes.a
                0x000000000002dc78                mctl_com_set_controller_update

.text.mctl_com_set_channel_timing
                0x000000000002dcb8      0x92c
 .text.mctl_com_set_channel_timing
                0x000000000002dcb8      0x92c /home/test/H618-Android12-Src/longan/brandy/brandy-2.0/spl-pub/board/h618/libsun50iw9p1_fes.a
                0x000000000002dcb8                mctl_com_set_channel_timing

.text.mctl_com_set_controller_address_map
                0x000000000002e5e4      0x1dc
 .text.mctl_com_set_controller_address_map
                0x000000000002e5e4      0x1dc /home/test/H618-Android12-Src/longan/brandy/brandy-2.0/spl-pub/board/h618/libsun50iw9p1_fes.a
                0x000000000002e5e4                mctl_com_set_controller_address_map

.text.mctl_com_set_controller_odt
                0x000000000002e7c0       0x9c
 .text.mctl_com_set_controller_odt
                0x000000000002e7c0       0x9c /home/test/H618-Android12-Src/longan/brandy/brandy-2.0/spl-pub/board/h618/libsun50iw9p1_fes.a
                0x000000000002e7c0                mctl_com_set_controller_odt

.text.mctl_com_set_controller_2T_mode
                0x000000000002e85c       0x20
 .text.mctl_com_set_controller_2T_mode
                0x000000000002e85c       0x20 /home/test/H618-Android12-Src/longan/brandy/brandy-2.0/spl-pub/board/h618/libsun50iw9p1_fes.a
                0x000000000002e85c                mctl_com_set_controller_2T_mode

.text.mctl_com_set_controller_geardown_mode
                0x000000000002e87c       0x14
 .text.mctl_com_set_controller_geardown_mode
                0x000000000002e87c       0x14 /home/test/H618-Android12-Src/longan/brandy/brandy-2.0/spl-pub/board/h618/libsun50iw9p1_fes.a
                0x000000000002e87c                mctl_com_set_controller_geardown_mode

.text.mctl_com_set_controller_config
                0x000000000002e890       0x44
 .text.mctl_com_set_controller_config
                0x000000000002e890       0x44 /home/test/H618-Android12-Src/longan/brandy/brandy-2.0/spl-pub/board/h618/libsun50iw9p1_fes.a
                0x000000000002e890                mctl_com_set_controller_config

.text.mctl_com_init
                0x000000000002e8d4       0x60
 .text.mctl_com_init
                0x000000000002e8d4       0x60 /home/test/H618-Android12-Src/longan/brandy/brandy-2.0/spl-pub/board/h618/libsun50iw9p1_fes.a
                0x000000000002e8d4                mctl_com_init

.text.mctl_com_set_bus_config
                0x000000000002e934       0x24
 .text.mctl_com_set_bus_config
                0x000000000002e934       0x24 /home/test/H618-Android12-Src/longan/brandy/brandy-2.0/spl-pub/board/h618/libsun50iw9p1_fes.a
                0x000000000002e934                mctl_com_set_bus_config

.text.mctl_sys_init
                0x000000000002e958       0xec
 .text.mctl_sys_init
                0x000000000002e958       0xec /home/test/H618-Android12-Src/longan/brandy/brandy-2.0/spl-pub/board/h618/libsun50iw9p1_fes.a
                0x000000000002e958                mctl_sys_init

.text.mctl_core_init
                0x000000000002ea44       0x1c
 .text.mctl_core_init
                0x000000000002ea44       0x1c /home/test/H618-Android12-Src/longan/brandy/brandy-2.0/spl-pub/board/h618/libsun50iw9p1_fes.a
                0x000000000002ea44                mctl_core_init

.text.auto_scan_dram_size
                0x000000000002ea60      0x1a8
 .text.auto_scan_dram_size
                0x000000000002ea60      0x1a8 /home/test/H618-Android12-Src/longan/brandy/brandy-2.0/spl-pub/board/h618/libsun50iw9p1_fes.a
                0x000000000002ea60                auto_scan_dram_size

.text.auto_scan_dram_rank_width
                0x000000000002ec08       0x98
 .text.auto_scan_dram_rank_width
                0x000000000002ec08       0x98 /home/test/H618-Android12-Src/longan/brandy/brandy-2.0/spl-pub/board/h618/libsun50iw9p1_fes.a
                0x000000000002ec08                auto_scan_dram_rank_width

.text.auto_scan_dram_config
                0x000000000002eca0       0xd4
 .text.auto_scan_dram_config
                0x000000000002eca0       0xd4 /home/test/H618-Android12-Src/longan/brandy/brandy-2.0/spl-pub/board/h618/libsun50iw9p1_fes.a
                0x000000000002eca0                auto_scan_dram_config

.text.ddrphy_phyinit_C_initPhyConfig
                0x000000000002ed74      0x198
 .text.ddrphy_phyinit_C_initPhyConfig
                0x000000000002ed74      0x198 /home/test/H618-Android12-Src/longan/brandy/brandy-2.0/spl-pub/board/h618/libsun50iw9p1_fes.a
                0x000000000002ed74                ddrphy_phyinit_C_initPhyConfig

.text.mctl_phy_init
                0x000000000002ef0c       0x12
 .text.mctl_phy_init
                0x000000000002ef0c       0x12 /home/test/H618-Android12-Src/longan/brandy/brandy-2.0/spl-pub/board/h618/libsun50iw9p1_fes.a
                0x000000000002ef0c                mctl_phy_init

.text.mctl_channel_init
                0x000000000002ef20       0x50
 .text.mctl_channel_init
                0x000000000002ef20       0x50 /home/test/H618-Android12-Src/longan/brandy/brandy-2.0/spl-pub/board/h618/libsun50iw9p1_fes.a
                0x000000000002ef20                mctl_channel_init

.text.init_DRAM
                0x000000000002ef70      0x240
 .text.init_DRAM
                0x000000000002ef70      0x240 /home/test/H618-Android12-Src/longan/brandy/brandy-2.0/spl-pub/board/h618/libsun50iw9p1_fes.a
                0x000000000002ef70                init_DRAM

.text.crc_16_sd
                0x000000000002f1b0       0x22
 .text.crc_16_sd
                0x000000000002f1b0       0x22 /home/test/H618-Android12-Src/longan/brandy/brandy-2.0/spl-pub/board/h618/libsun50iw9p1_fes.a
                0x000000000002f1b0                crc_16_sd

.text.disturb_coding_sd
                0x000000000002f1d2       0x12
 .text.disturb_coding_sd
                0x000000000002f1d2       0x12 /home/test/H618-Android12-Src/longan/brandy/brandy-2.0/spl-pub/board/h618/libsun50iw9p1_fes.a
                0x000000000002f1d2                disturb_coding_sd

.text.bond_id_check
                0x000000000002f1e4       0x46
 .text.bond_id_check
                0x000000000002f1e4       0x46 /home/test/H618-Android12-Src/longan/brandy/brandy-2.0/spl-pub/board/h618/libsun50iw9p1_fes.a
                0x000000000002f1e4                bond_id_check

.text.set_ddr_voltage
                0x000000000002f22c       0x38
 .text.set_ddr_voltage
                0x000000000002f22c       0x38 /home/test/H618-Android12-Src/longan/brandy/brandy-2.0/spl-pub/board/h618/libsun50iw9p1_fes.a
                0x000000000002f22c                set_ddr_voltage

.text.set_sys_voltage
                0x000000000002f264       0x2c
 .text.set_sys_voltage
                0x000000000002f264       0x2c /home/test/H618-Android12-Src/longan/brandy/brandy-2.0/spl-pub/board/h618/libsun50iw9p1_fes.a
                0x000000000002f264                set_sys_voltage

.text.set_pll_voltage
                0x000000000002f290       0x28
 .text.set_pll_voltage
                0x000000000002f290       0x28 /home/test/H618-Android12-Src/longan/brandy/brandy-2.0/spl-pub/board/h618/libsun50iw9p1_fes.a
                0x000000000002f290                set_pll_voltage

.text.axp_init  0x000000000002f2b8       0x34
 .text.axp_init
                0x000000000002f2b8       0x34 /home/test/H618-Android12-Src/longan/brandy/brandy-2.0/spl-pub/board/h618/libsun50iw9p1_fes.a
                0x000000000002f2b8                axp_init

.text.get_power_mode
                0x000000000002f2ec        0xc
 .text.get_power_mode
                0x000000000002f2ec        0xc /home/test/H618-Android12-Src/longan/brandy/brandy-2.0/spl-pub/board/h618/libsun50iw9p1_fes.a
                0x000000000002f2ec                get_power_mode

.text.pmu_set_vol
                0x000000000002f2f8      0x3c8
 .text.pmu_set_vol
                0x000000000002f2f8      0x3c8 /home/test/H618-Android12-Src/longan/brandy/brandy-2.0/spl-pub/board/h618/libsun50iw9p1_fes.a

.text.axp858_set_ddr_voltage
                0x000000000002f6c0       0x10
 .text.axp858_set_ddr_voltage
                0x000000000002f6c0       0x10 /home/test/H618-Android12-Src/longan/brandy/brandy-2.0/spl-pub/board/h618/libsun50iw9p1_fes.a
                0x000000000002f6c0                axp858_set_ddr_voltage

.text.axp858_set_pll_voltage
                0x000000000002f6d0       0x10
 .text.axp858_set_pll_voltage
                0x000000000002f6d0       0x10 /home/test/H618-Android12-Src/longan/brandy/brandy-2.0/spl-pub/board/h618/libsun50iw9p1_fes.a
                0x000000000002f6d0                axp858_set_pll_voltage

.text.axp858_set_sys_voltage
                0x000000000002f6e0       0x10
 .text.axp858_set_sys_voltage
                0x000000000002f6e0       0x10 /home/test/H618-Android12-Src/longan/brandy/brandy-2.0/spl-pub/board/h618/libsun50iw9p1_fes.a
                0x000000000002f6e0                axp858_set_sys_voltage

.text.axp858_axp_init
                0x000000000002f6f0       0x80
 .text.axp858_axp_init
                0x000000000002f6f0       0x80 /home/test/H618-Android12-Src/longan/brandy/brandy-2.0/spl-pub/board/h618/libsun50iw9p1_fes.a
                0x000000000002f6f0                axp858_axp_init

.text.get_ctrl_info_from_tbl
                0x000000000002f770       0x38
 .text.get_ctrl_info_from_tbl
                0x000000000002f770       0x38 /home/test/H618-Android12-Src/longan/brandy/brandy-2.0/spl-pub/board/h618/libsun50iw9p1_fes.a

.text.axp1530_set_ddr_voltage
                0x000000000002f7a8       0xd8
 .text.axp1530_set_ddr_voltage
                0x000000000002f7a8       0xd8 /home/test/H618-Android12-Src/longan/brandy/brandy-2.0/spl-pub/board/h618/libsun50iw9p1_fes.a
                0x000000000002f7a8                axp1530_set_ddr_voltage

.text.axp1530_set_pll_voltage
                0x000000000002f880       0x10
 .text.axp1530_set_pll_voltage
                0x000000000002f880       0x10 /home/test/H618-Android12-Src/longan/brandy/brandy-2.0/spl-pub/board/h618/libsun50iw9p1_fes.a
                0x000000000002f880                axp1530_set_pll_voltage

.text.axp1530_set_sys_voltage
                0x000000000002f890       0x10
 .text.axp1530_set_sys_voltage
                0x000000000002f890       0x10 /home/test/H618-Android12-Src/longan/brandy/brandy-2.0/spl-pub/board/h618/libsun50iw9p1_fes.a
                0x000000000002f890                axp1530_set_sys_voltage

.text.axp1530_axp_init
                0x000000000002f8a0       0xac
 .text.axp1530_axp_init
                0x000000000002f8a0       0xac /home/test/H618-Android12-Src/longan/brandy/brandy-2.0/spl-pub/board/h618/libsun50iw9p1_fes.a
                0x000000000002f8a0                axp1530_axp_init

.text.axp806_set_ddr_voltage
                0x000000000002f94c       0x10
 .text.axp806_set_ddr_voltage
                0x000000000002f94c       0x10 /home/test/H618-Android12-Src/longan/brandy/brandy-2.0/spl-pub/board/h618/libsun50iw9p1_fes.a
                0x000000000002f94c                axp806_set_ddr_voltage

.text.axp806_set_pll_voltage
                0x000000000002f95c       0x10
 .text.axp806_set_pll_voltage
                0x000000000002f95c       0x10 /home/test/H618-Android12-Src/longan/brandy/brandy-2.0/spl-pub/board/h618/libsun50iw9p1_fes.a
                0x000000000002f95c                axp806_set_pll_voltage

.text.axp806_set_sys_voltage
                0x000000000002f96c       0x10
 .text.axp806_set_sys_voltage
                0x000000000002f96c       0x10 /home/test/H618-Android12-Src/longan/brandy/brandy-2.0/spl-pub/board/h618/libsun50iw9p1_fes.a
                0x000000000002f96c                axp806_set_sys_voltage

.text.axp806_axp_init
                0x000000000002f97c       0xc8
 .text.axp806_axp_init
                0x000000000002f97c       0xc8 /home/test/H618-Android12-Src/longan/brandy/brandy-2.0/spl-pub/board/h618/libsun50iw9p1_fes.a
                0x000000000002f97c                axp806_axp_init

.text.sid_probe_security_mode
                0x000000000002fa44       0x10
 .text.sid_probe_security_mode
                0x000000000002fa44       0x10 /home/test/H618-Android12-Src/longan/brandy/brandy-2.0/spl-pub/board/h618/libsun50iw9p1_fes.a
                0x000000000002fa44                sid_probe_security_mode

.iplt           0x000000000002fa54        0x0
 .iplt          0x000000000002fa54        0x0 /home/test/H618-Android12-Src/longan/brandy/brandy-2.0/spl-pub/board/h618/libsun50iw9p1_fes.a

.text.note_dram_log
                0x000000000002fa54       0x44
 .text.note_dram_log
                0x000000000002fa54       0x44 /home/test/H618-Android12-Src/longan/brandy/brandy-2.0/spl-pub/fes/main/fes1_main.o

.text.startup.main
                0x000000000002fa98       0x80
 .text.startup.main
                0x000000000002fa98       0x80 /home/test/H618-Android12-Src/longan/brandy/brandy-2.0/spl-pub/fes/main/fes1_main.o
                0x000000000002fa98                main
                0x000000000002fb20                . = ALIGN (0x10)

.rodata         0x000000000002fb20      0x580
 *(.rodata)
 .rodata        0x000000000002fb20      0x580 /home/test/H618-Android12-Src/longan/brandy/brandy-2.0/spl-pub/board/h618/libsun50iw9p1_fes.a
                0x000000000002fb20                _ctype

.rodata.str1.1  0x00000000000300a0      0xfd0
 .rodata.str1.1
                0x00000000000300a0      0xf89 /home/test/H618-Android12-Src/longan/brandy/brandy-2.0/spl-pub/board/h618/libsun50iw9p1_fes.a
                                       0x1013 (size before relaxing)
 .rodata.str1.1
                0x0000000000031029       0x47 /home/test/H618-Android12-Src/longan/brandy/brandy-2.0/spl-pub/fes/main/fes1_main.o

.rel.dyn        0x0000000000031070        0x0
 .rel.iplt      0x0000000000031070        0x0 /home/test/H618-Android12-Src/longan/brandy/brandy-2.0/spl-pub/board/h618/libsun50iw9p1_fes.a
                0x0000000000031070                . = ALIGN (0x10)

.data           0x0000000000031070      0xc70
 *(.data)
 .data          0x0000000000031070      0xc70 /home/test/H618-Android12-Src/longan/brandy/brandy-2.0/spl-pub/board/h618/libsun50iw9p1_fes.a
                0x0000000000031074                i2c_gpio
                0x0000000000031094                switch_monitor
                0x00000000000311e4                read_write_flag

.igot.plt       0x0000000000031ce0        0x0
 .igot.plt      0x0000000000031ce0        0x0 /home/test/H618-Android12-Src/longan/brandy/brandy-2.0/spl-pub/board/h618/libsun50iw9p1_fes.a
                0x0000000000031ce0                . = ALIGN (0x4)

.bss            0x0000000000031ce0       0x8c
                0x0000000000031ce0                __bss_start = .
 *(.bss)
 .bss           0x0000000000031ce0       0x8c /home/test/H618-Android12-Src/longan/brandy/brandy-2.0/spl-pub/board/h618/libsun50iw9p1_fes.a
                0x0000000000031d10                i2c_has_init
                0x0000000000031d14                twi_gpio
                0x0000000000031d30                half_dram_size
                0x0000000000031d34                DMA1_INFOR_EYETRAINING
                0x0000000000031d4c                DMA0_INFOR_EYETRAINING
                0x0000000000031d64                training_error_flag
                0x0000000000031d6c                . = ALIGN (0x4)
                0x0000000000031d6c                __bss_end = .
                0x0000000000031d6c                _end = .
OUTPUT(fes1.elf elf32-littlearm)

.comment        0x0000000000000000       0x2d
 .comment       0x0000000000000000       0x2d /home/test/H618-Android12-Src/longan/brandy/brandy-2.0/spl-pub/board/h618/libsun50iw9p1_fes.a
                                        0x5c0 (size before relaxing)
 .comment       0x000000000000002d       0x2e /home/test/H618-Android12-Src/longan/brandy/brandy-2.0/spl-pub/fes/main/fes1_main.o
 .comment       0x000000000000002d       0x2e main/fes1_head.o

.note.GNU-stack
                0x0000000000000000        0x0
 .note.GNU-stack
                0x0000000000000000        0x0 /home/test/H618-Android12-Src/longan/brandy/brandy-2.0/spl-pub/board/h618/libsun50iw9p1_fes.a
 .note.GNU-stack
                0x0000000000000000        0x0 /home/test/H618-Android12-Src/longan/brandy/brandy-2.0/spl-pub/fes/main/fes1_main.o
 .note.GNU-stack
                0x0000000000000000        0x0 /home/test/H618-Android12-Src/longan/brandy/brandy-2.0/tools/toolchain/gcc-linaro-7.2.1-2017.11-x86_64_arm-linux-gnueabi/bin/../lib/gcc/arm-linux-gnueabi/7.2.1/libgcc.a(_udivsi3.o)
 .note.GNU-stack
                0x0000000000000000        0x0 /home/test/H618-Android12-Src/longan/brandy/brandy-2.0/tools/toolchain/gcc-linaro-7.2.1-2017.11-x86_64_arm-linux-gnueabi/bin/../lib/gcc/arm-linux-gnueabi/7.2.1/libgcc.a(_divsi3.o)
 .note.GNU-stack
                0x0000000000000000        0x0 /home/test/H618-Android12-Src/longan/brandy/brandy-2.0/tools/toolchain/gcc-linaro-7.2.1-2017.11-x86_64_arm-linux-gnueabi/bin/../lib/gcc/arm-linux-gnueabi/7.2.1/libgcc.a(_dvmd_lnx.o)
 .note.GNU-stack
                0x0000000000000000        0x0 main/fes1_head.o

.ARM.attributes
                0x0000000000000000       0x33
 .ARM.attributes
                0x0000000000000000       0x33 /home/test/H618-Android12-Src/longan/brandy/brandy-2.0/spl-pub/board/h618/libsun50iw9p1_fes.a
 .ARM.attributes
                0x0000000000000033       0x2d /home/test/H618-Android12-Src/longan/brandy/brandy-2.0/spl-pub/fes/main/fes1_main.o
 .ARM.attributes
                0x0000000000000060       0x1f /home/test/H618-Android12-Src/longan/brandy/brandy-2.0/tools/toolchain/gcc-linaro-7.2.1-2017.11-x86_64_arm-linux-gnueabi/bin/../lib/gcc/arm-linux-gnueabi/7.2.1/libgcc.a(_udivsi3.o)
 .ARM.attributes
                0x000000000000007f       0x1f /home/test/H618-Android12-Src/longan/brandy/brandy-2.0/tools/toolchain/gcc-linaro-7.2.1-2017.11-x86_64_arm-linux-gnueabi/bin/../lib/gcc/arm-linux-gnueabi/7.2.1/libgcc.a(_divsi3.o)
 .ARM.attributes
                0x000000000000009e       0x1f /home/test/H618-Android12-Src/longan/brandy/brandy-2.0/tools/toolchain/gcc-linaro-7.2.1-2017.11-x86_64_arm-linux-gnueabi/bin/../lib/gcc/arm-linux-gnueabi/7.2.1/libgcc.a(_dvmd_lnx.o)
 .ARM.attributes
                0x00000000000000bd       0x31 main/fes1_head.o
 .ARM.attributes
                0x00000000000000ee       0x21 /home/test/H618-Android12-Src/longan/brandy/brandy-2.0/spl-pub/arch/arm/cpu/armv7/fes1_entry.o

.debug_info     0x0000000000000000     0x1799
 .debug_info    0x0000000000000000      0xc43 /home/test/H618-Android12-Src/longan/brandy/brandy-2.0/spl-pub/fes/main/fes1_main.o
 .debug_info    0x0000000000000c43      0x1cb /home/test/H618-Android12-Src/longan/brandy/brandy-2.0/tools/toolchain/gcc-linaro-7.2.1-2017.11-x86_64_arm-linux-gnueabi/bin/../lib/gcc/arm-linux-gnueabi/7.2.1/libgcc.a(_udivsi3.o)
 .debug_info    0x0000000000000e0e      0x1cb /home/test/H618-Android12-Src/longan/brandy/brandy-2.0/tools/toolchain/gcc-linaro-7.2.1-2017.11-x86_64_arm-linux-gnueabi/bin/../lib/gcc/arm-linux-gnueabi/7.2.1/libgcc.a(_divsi3.o)
 .debug_info    0x0000000000000fd9      0x1cb /home/test/H618-Android12-Src/longan/brandy/brandy-2.0/tools/toolchain/gcc-linaro-7.2.1-2017.11-x86_64_arm-linux-gnueabi/bin/../lib/gcc/arm-linux-gnueabi/7.2.1/libgcc.a(_dvmd_lnx.o)
 .debug_info    0x00000000000011a4      0x56e main/fes1_head.o
 .debug_info    0x0000000000001712       0x87 /home/test/H618-Android12-Src/longan/brandy/brandy-2.0/spl-pub/arch/arm/cpu/armv7/fes1_entry.o

.debug_abbrev   0x0000000000000000      0x2af
 .debug_abbrev  0x0000000000000000      0x190 /home/test/H618-Android12-Src/longan/brandy/brandy-2.0/spl-pub/fes/main/fes1_main.o
 .debug_abbrev  0x0000000000000190       0x14 /home/test/H618-Android12-Src/longan/brandy/brandy-2.0/tools/toolchain/gcc-linaro-7.2.1-2017.11-x86_64_arm-linux-gnueabi/bin/../lib/gcc/arm-linux-gnueabi/7.2.1/libgcc.a(_udivsi3.o)
 .debug_abbrev  0x00000000000001a4       0x14 /home/test/H618-Android12-Src/longan/brandy/brandy-2.0/tools/toolchain/gcc-linaro-7.2.1-2017.11-x86_64_arm-linux-gnueabi/bin/../lib/gcc/arm-linux-gnueabi/7.2.1/libgcc.a(_divsi3.o)
 .debug_abbrev  0x00000000000001b8       0x14 /home/test/H618-Android12-Src/longan/brandy/brandy-2.0/tools/toolchain/gcc-linaro-7.2.1-2017.11-x86_64_arm-linux-gnueabi/bin/../lib/gcc/arm-linux-gnueabi/7.2.1/libgcc.a(_dvmd_lnx.o)
 .debug_abbrev  0x00000000000001cc       0xcf main/fes1_head.o
 .debug_abbrev  0x000000000000029b       0x14 /home/test/H618-Android12-Src/longan/brandy/brandy-2.0/spl-pub/arch/arm/cpu/armv7/fes1_entry.o

.debug_loc      0x0000000000000000       0xa7
 .debug_loc     0x0000000000000000       0xa7 /home/test/H618-Android12-Src/longan/brandy/brandy-2.0/spl-pub/fes/main/fes1_main.o

.debug_aranges  0x0000000000000000       0xc0
 .debug_aranges
                0x0000000000000000       0x28 /home/test/H618-Android12-Src/longan/brandy/brandy-2.0/spl-pub/fes/main/fes1_main.o
 .debug_aranges
                0x0000000000000028       0x20 /home/test/H618-Android12-Src/longan/brandy/brandy-2.0/tools/toolchain/gcc-linaro-7.2.1-2017.11-x86_64_arm-linux-gnueabi/bin/../lib/gcc/arm-linux-gnueabi/7.2.1/libgcc.a(_udivsi3.o)
 .debug_aranges
                0x0000000000000048       0x20 /home/test/H618-Android12-Src/longan/brandy/brandy-2.0/tools/toolchain/gcc-linaro-7.2.1-2017.11-x86_64_arm-linux-gnueabi/bin/../lib/gcc/arm-linux-gnueabi/7.2.1/libgcc.a(_divsi3.o)
 .debug_aranges
                0x0000000000000068       0x20 /home/test/H618-Android12-Src/longan/brandy/brandy-2.0/tools/toolchain/gcc-linaro-7.2.1-2017.11-x86_64_arm-linux-gnueabi/bin/../lib/gcc/arm-linux-gnueabi/7.2.1/libgcc.a(_dvmd_lnx.o)
 .debug_aranges
                0x0000000000000088       0x18 main/fes1_head.o
 .debug_aranges
                0x00000000000000a0       0x20 /home/test/H618-Android12-Src/longan/brandy/brandy-2.0/spl-pub/arch/arm/cpu/armv7/fes1_entry.o

.debug_ranges   0x0000000000000000       0x18
 .debug_ranges  0x0000000000000000       0x18 /home/test/H618-Android12-Src/longan/brandy/brandy-2.0/spl-pub/fes/main/fes1_main.o

.debug_line     0x0000000000000000      0x669
 .debug_line    0x0000000000000000      0x220 /home/test/H618-Android12-Src/longan/brandy/brandy-2.0/spl-pub/fes/main/fes1_main.o
 .debug_line    0x0000000000000220      0x108 /home/test/H618-Android12-Src/longan/brandy/brandy-2.0/tools/toolchain/gcc-linaro-7.2.1-2017.11-x86_64_arm-linux-gnueabi/bin/../lib/gcc/arm-linux-gnueabi/7.2.1/libgcc.a(_udivsi3.o)
 .debug_line    0x0000000000000328      0x119 /home/test/H618-Android12-Src/longan/brandy/brandy-2.0/tools/toolchain/gcc-linaro-7.2.1-2017.11-x86_64_arm-linux-gnueabi/bin/../lib/gcc/arm-linux-gnueabi/7.2.1/libgcc.a(_divsi3.o)
 .debug_line    0x0000000000000441       0xee /home/test/H618-Android12-Src/longan/brandy/brandy-2.0/tools/toolchain/gcc-linaro-7.2.1-2017.11-x86_64_arm-linux-gnueabi/bin/../lib/gcc/arm-linux-gnueabi/7.2.1/libgcc.a(_dvmd_lnx.o)
 .debug_line    0x000000000000052f       0xec main/fes1_head.o
 .debug_line    0x000000000000061b       0x4e /home/test/H618-Android12-Src/longan/brandy/brandy-2.0/spl-pub/arch/arm/cpu/armv7/fes1_entry.o

.debug_str      0x0000000000000000      0x7bb
 .debug_str     0x0000000000000000      0x7af /home/test/H618-Android12-Src/longan/brandy/brandy-2.0/spl-pub/fes/main/fes1_main.o
                                        0x8ad (size before relaxing)
 .debug_str     0x00000000000007af        0xc main/fes1_head.o
                                        0x55a (size before relaxing)

.debug_frame    0x0000000000000000       0xb8
 .debug_frame   0x0000000000000000       0x50 /home/test/H618-Android12-Src/longan/brandy/brandy-2.0/spl-pub/fes/main/fes1_main.o
 .debug_frame   0x0000000000000050       0x20 /home/test/H618-Android12-Src/longan/brandy/brandy-2.0/tools/toolchain/gcc-linaro-7.2.1-2017.11-x86_64_arm-linux-gnueabi/bin/../lib/gcc/arm-linux-gnueabi/7.2.1/libgcc.a(_udivsi3.o)
 .debug_frame   0x0000000000000070       0x20 /home/test/H618-Android12-Src/longan/brandy/brandy-2.0/tools/toolchain/gcc-linaro-7.2.1-2017.11-x86_64_arm-linux-gnueabi/bin/../lib/gcc/arm-linux-gnueabi/7.2.1/libgcc.a(_divsi3.o)
 .debug_frame   0x0000000000000090       0x28 /home/test/H618-Android12-Src/longan/brandy/brandy-2.0/tools/toolchain/gcc-linaro-7.2.1-2017.11-x86_64_arm-linux-gnueabi/bin/../lib/gcc/arm-linux-gnueabi/7.2.1/libgcc.a(_dvmd_lnx.o)
